17:17:33 **** Incremental Build of configuration Debug for project vga ****
make pre-build main-build 
a9-linaro-pre-build-step
' '
make: Nothing to be done for `main-build'.
17:18:06 **** Incremental Build of configuration Debug for project vga ****
make pre-build main-build 
a9-linaro-pre-build-step
' '
'Building file: ../src/vga.c'
'Invoking: ARM v7 gcc compiler'
arm-none-eabi-gcc -Wall -O0 -g3 -c -fmessage-length=0 -MT"src/vga.o" -mcpu=cortex-a9 -mfpu=vfpv3 -mfloat-abi=hard -I../../standalone_bsp_0/ps7_cortexa9_0/include -MMD -MP -MF"src/vga.d" -MT"src/vga.o" -o "src/vga.o" "../src/vga.c"
'Finished building: ../src/vga.c'
' '
'Building target: vga.elf'
'Invoking: ARM v7 gcc linker'
arm-none-eabi-gcc -mcpu=cortex-a9 -mfpu=vfpv3 -mfloat-abi=hard -Wl,-build-id=none -specs=Xilinx.spec -Wl,-T -Wl,../src/lscript.ld -L../../standalone_bsp_0/ps7_cortexa9_0/lib -o "vga.elf"  ./src/vga.o   -Wl,--start-group,-lxil,-lgcc,-lc,--end-group
'Finished building target: vga.elf'
' '
'Invoking: ARM v7 Print Size'
arm-none-eabi-size vga.elf  |tee "vga.elf.size"
   text	   data	    bss	    dec	    hex	filename
  22072	   1144	  22584	  45800	   b2e8	vga.elf
'Finished building: vga.elf.size'
' '
17:32:19 **** Incremental Build of configuration Debug for project vga ****
make pre-build main-build 
a9-linaro-pre-build-step
' '
make: Nothing to be done for `main-build'.
17:32:41 **** Incremental Build of configuration Debug for project vga ****
make pre-build main-build 
a9-linaro-pre-build-step
' '
make: Nothing to be done for `main-build'.
17:38:09 **** Incremental Build of configuration Debug for project vga ****
make pre-build main-build 
a9-linaro-pre-build-step
' '
make: Nothing to be done for `main-build'.
